============================= test session starts =============================
platform win32 -- Python 3.12.6, pytest-9.0.2, pluggy-1.6.0
rootdir: C:\Projects\clinical-trial-matcher\backend
plugins: anyio-4.12.1, langsmith-0.6.8
collected 0 items / 1 error

=================================== ERRORS ====================================
________________________ ERROR collecting test_main.py ________________________
ImportError while importing test module 'C:\Projects\clinical-trial-matcher\backend\test_main.py'.
Hint: make sure your test modules/packages have valid Python names.
Traceback:
C:\Program Files\Python312\Lib\importlib\__init__.py:90: in import_module
    return _bootstrap._gcd_import(name[level:], package, level)
           ^^^^^^^^^^^^^^^^^^^^^^^^^^^^^^^^^^^^^^^^^^^^^^^^^^^^
test_main.py:3: in <module>
    from main import app
main.py:3: in <module>
    from routes import patient_routes, trial_routes, match_routes, feedback_routes, auth_routes
routes\auth_routes.py:4: in <module>
    from passlib.context import CryptContext
E   ModuleNotFoundError: No module named 'passlib'
------------------------------- Captured stderr -------------------------------
Warning: You are sending unauthenticated requests to the HF Hub. Please set a HF_TOKEN to enable higher rate limits and faster downloads.\n\rLoading weights:   0%|          | 0/103 [00:00<?, ?it/s]\rLoading weights: 100%|\u2588\u2588\u2588\u2588\u2588\u2588\u2588\u2588\u2588\u2588| 103/103 [00:00<00:00, 4241.66it/s]\n\x1b[1mBertModel LOAD REPORT\x1b[0m from: sentence-transformers/all-MiniLM-L6-v2\nKey                     | Status     |  | \n------------------------+------------+--+-\nembeddings.position_ids | UNEXPECTED |  | \n\n\x1b[3mNotes:\n- UNEXPECTED\x1b[3m\t:can be ignored when loading from different task/architecture; not ok if you expect identical arch.\x1b[0m
=========================== short test summary info ===========================
ERROR test_main.py
!!!!!!!!!!!!!!!!!!! Interrupted: 1 error during collection !!!!!!!!!!!!!!!!!!!!
============================== 1 error in 24.61s ==============================
